../Drivers/CMSIS/Include/core_cm4.h:1684:22:__NVIC_EnableIRQ	16	static,ignoring_inline_asm
../Core/Src/main.c:33:6:delay_ms	24	static,ignoring_inline_asm
../Core/Src/main.c:38:6:delay_us	24	static,ignoring_inline_asm
../Core/Src/main.c:43:6:GPIO_Config	4	static
../Core/Src/main.c:69:6:I2C_Config	4	static
../Core/Src/main.c:89:9:I2C_WriteByte	56	static
../Core/Src/main.c:135:6:LCD_SendCommand	32	static
../Core/Src/main.c:145:6:LCD_SendData	32	static
../Core/Src/main.c:155:9:LCD_Init	48	static
../Core/Src/main.c:186:6:LCD_SendString	48	static
../Core/Src/main.c:194:6:ADC_Config	8	static
../Core/Src/main.c:206:10:ADC_Read	4	static
../Core/Src/main.c:213:6:UART_Config	4	static
../Core/Src/main.c:228:6:UART_Transmit	16	static
../Core/Src/main.c:236:6:LED_Set	144	static
../Core/Src/main.c:257:6:Buzzer_Set	56	static
../Core/Src/main.c:269:6:TIM2_Config	8	static
../Core/Src/main.c:281:6:TIM2_UpdateFrequency	72	static
../Core/Src/main.c:302:6:TIM2_IRQHandler	40	static
../Core/Src/main.c:313:7:MQ2_GetPPM	32	static
../Core/Src/main.c:323:6:SysTick_Initialize	8	static
../Core/Src/main.c:330:6:SysTick_Handler	4	static
../Core/Src/main.c:335:5:main	208	static
