../Drivers/CMSIS/Include/core_cm4.h:1684:22:__NVIC_EnableIRQ	16	static,ignoring_inline_asm
../Core/Src/main.c:523:6:delay_ms	24	static
../Core/Src/main.c:528:6:delay_us	24	static,ignoring_inline_asm
../Core/Src/main.c:533:6:SystemClock_Config	4	static
../Core/Src/main.c:552:6:GPIO_Config	4	static
../Core/Src/main.c:577:6:I2C_Config	4	static
../Core/Src/main.c:594:9:I2C_WriteByte	56	static
../Core/Src/main.c:644:6:LCD_SendCommand	32	static
../Core/Src/main.c:654:6:LCD_SendData	32	static
../Core/Src/main.c:664:9:LCD_Init	48	static
../Core/Src/main.c:695:6:LCD_SendString	48	static
../Core/Src/main.c:703:6:ADC_Config	8	static
../Core/Src/main.c:712:10:ADC_Read	4	static
../Core/Src/main.c:719:6:UART1_Config	4	static
../Core/Src/main.c:729:6:UART1_Transmit	16	static
../Core/Src/main.c:737:6:UART2_Config	4	static
../Core/Src/main.c:747:6:UART2_Transmit	48	static
../Core/Src/main.c:758:6:LED_Set	16	static
../Core/Src/main.c:771:6:Buzzer_Set	16	static
../Core/Src/main.c:780:6:TIM2_Config	8	static
../Core/Src/main.c:790:7:MQ2_GetPPM	32	static
../Core/Src/main.c:800:6:SysTick_Handler	4	static
../Core/Src/main.c:805:6:TIM2_IRQHandler	4	static
../Core/Src/main.c:813:5:main	104	static
